{
  "source": {
    "url": "http://pushgw:9091",
    "job": "simple_metric",
    "debug": "true"
  },
  "params": {
    "metric": "simple_metric",
    "value": 0,
    "job": "override"
  }
}
