{
  "source": {
    "url": "http://pushgw:9091",
    "job": "simple_metric",
    "debug": "true"
  },
  "params": {
    "metric": "simple_metric{key-1=\"value-2\"} 0"
  }
}
